2026-03-25 18:04:06 [main] INFO  c.t.app.TrustbankWebApplication - Starting TrustbankWebApplication using Java 25.0.2 with PID 11270 (/home/arjun/TrustBank/target/classes started by arjun in /home/arjun/TrustBank)
2026-03-25 18:04:06 [main] DEBUG c.t.app.TrustbankWebApplication - Running with Spring Boot v4.0.2, Spring v7.0.3
2026-03-25 18:04:06 [main] INFO  c.t.app.TrustbankWebApplication - No active profile set, falling back to 1 default profile: "default"
2026-03-25 18:04:07 [main] INFO  o.s.boot.tomcat.TomcatWebServer - Tomcat initialized with port 8081 (http)
2026-03-25 18:04:07 [main] INFO  o.a.catalina.core.StandardService - Starting service [Tomcat]
2026-03-25 18:04:07 [main] INFO  o.a.catalina.core.StandardEngine - Starting Servlet engine: [Apache Tomcat/11.0.15]
2026-03-25 18:04:07 [main] INFO  o.s.b.w.c.s.WebApplicationContextInitializer - Root WebApplicationContext: initialization completed in 1081 ms
2026-03-25 18:04:07 [main] INFO  c.trustbank.app.storage.FileStorage - Loading accounts from file: accounts.txt
2026-03-25 18:04:07 [main] INFO  c.trustbank.app.storage.FileStorage - Migrating account 1001 to hashed PIN format
2026-03-25 18:04:07 [main] INFO  c.trustbank.app.storage.FileStorage - Migrating account 1002 to hashed PIN format
2026-03-25 18:04:08 [main] INFO  c.trustbank.app.storage.FileStorage - Migrating account 1003 to hashed PIN format
2026-03-25 18:04:08 [main] INFO  c.trustbank.app.storage.FileStorage - Migrating account 1004 to hashed PIN format
2026-03-25 18:04:08 [main] INFO  c.trustbank.app.storage.FileStorage - Loaded 4 accounts successfully
2026-03-25 18:04:08 [main] INFO  c.trustbank.app.storage.FileStorage - Loading transactions from file: transactions.txt
2026-03-25 18:04:08 [main] INFO  c.trustbank.app.storage.FileStorage - Loaded 71 transactions successfully
2026-03-25 18:04:08 [main] INFO  c.trustbank.app.service.BankService - BankService initialized with 4 accounts. Next account number: 1005
2026-03-25 18:04:08 [main] WARN  o.s.b.w.s.s.c.AnnotationConfigServletWebServerApplicationContext - Exception encountered during context initialization - cancelling refresh attempt: org.springframework.beans.factory.BeanCreationException: Error creating bean with name 'testController' defined in file [/home/arjun/TrustBank/target/classes/com/trustbank/app/controller/TestController.class]: Failed to instantiate [com.trustbank.app.controller.TestController]: Constructor threw exception
2026-03-25 18:04:08 [main] INFO  o.a.catalina.core.StandardService - Stopping service [Tomcat]
2026-03-25 18:04:08 [main] INFO  o.s.b.a.l.ConditionEvaluationReportLogger - 

Error starting ApplicationContext. To display the condition evaluation report re-run your application with 'debug' enabled.
2026-03-25 18:04:08 [main] ERROR o.s.boot.SpringApplication - Application run failed
org.springframework.beans.factory.BeanCreationException: Error creating bean with name 'testController' defined in file [/home/arjun/TrustBank/target/classes/com/trustbank/app/controller/TestController.class]: Failed to instantiate [com.trustbank.app.controller.TestController]: Constructor threw exception
	at org.springframework.beans.factory.support.AbstractAutowireCapableBeanFactory.instantiateBean(AbstractAutowireCapableBeanFactory.java:1344)
	at org.springframework.beans.factory.support.AbstractAutowireCapableBeanFactory.createBeanInstance(AbstractAutowireCapableBeanFactory.java:1231)
	at org.springframework.beans.factory.support.AbstractAutowireCapableBeanFactory.doCreateBean(AbstractAutowireCapableBeanFactory.java:565)
	at org.springframework.beans.factory.support.AbstractAutowireCapableBeanFactory.createBean(AbstractAutowireCapableBeanFactory.java:525)
	at org.springframework.beans.factory.support.AbstractBeanFactory.lambda$doGetBean$0(AbstractBeanFactory.java:333)
	at org.springframework.beans.factory.support.DefaultSingletonBeanRegistry.getSingleton(DefaultSingletonBeanRegistry.java:371)
	at org.springframework.beans.factory.support.AbstractBeanFactory.doGetBean(AbstractBeanFactory.java:331)
	at org.springframework.beans.factory.support.AbstractBeanFactory.getBean(AbstractBeanFactory.java:196)
	at org.springframework.beans.factory.support.DefaultListableBeanFactory.instantiateSingleton(DefaultListableBeanFactory.java:1218)
	at org.springframework.beans.factory.support.DefaultListableBeanFactory.preInstantiateSingleton(DefaultListableBeanFactory.java:1184)
	at org.springframework.beans.factory.support.DefaultListableBeanFactory.preInstantiateSingletons(DefaultListableBeanFactory.java:1121)
	at org.springframework.context.support.AbstractApplicationContext.finishBeanFactoryInitialization(AbstractApplicationContext.java:993)
	at org.springframework.context.support.AbstractApplicationContext.refresh(AbstractApplicationContext.java:620)
	at org.springframework.boot.web.server.servlet.context.ServletWebServerApplicationContext.refresh(ServletWebServerApplicationContext.java:143)
	at org.springframework.boot.SpringApplication.refresh(SpringApplication.java:756)
	at org.springframework.boot.SpringApplication.refreshContext(SpringApplication.java:445)
	at org.springframework.boot.SpringApplication.run(SpringApplication.java:321)
	at org.springframework.boot.SpringApplication.run(SpringApplication.java:1365)
	at org.springframework.boot.SpringApplication.run(SpringApplication.java:1354)
	at com.trustbank.app.TrustbankWebApplication.main(TrustbankWebApplication.java:10)
Caused by: org.springframework.beans.BeanInstantiationException: Failed to instantiate [com.trustbank.app.controller.TestController]: Constructor threw exception
	at org.springframework.beans.BeanUtils.instantiateClass(BeanUtils.java:220)
	at org.springframework.beans.factory.support.SimpleInstantiationStrategy.instantiate(SimpleInstantiationStrategy.java:106)
	at org.springframework.beans.factory.support.AbstractAutowireCapableBeanFactory.instantiateBean(AbstractAutowireCapableBeanFactory.java:1338)
	... 19 common frames omitted
Caused by: java.lang.Error: Unresolved compilation problem: 
	The declared package "com.trustbank.trustbank_web.controller" does not match the expected package "com.trustbank.app.controller"

	at com.trustbank.app.controller.TestController.<init>(TestController.java:1)
	at java.base/jdk.internal.reflect.DirectConstructorHandleAccessor.newInstance(DirectConstructorHandleAccessor.java:62)
	at java.base/java.lang.reflect.Constructor.newInstanceWithCaller(Constructor.java:499)
	at java.base/java.lang.reflect.Constructor.newInstance(Constructor.java:483)
	at org.springframework.beans.BeanUtils.instantiateClass(BeanUtils.java:194)
	... 21 common frames omitted
2026-03-25 18:05:36 [main] INFO  c.t.app.TrustbankWebApplication - Starting TrustbankWebApplication using Java 25.0.2 with PID 12167 (/home/arjun/TrustBank/target/classes started by arjun in /home/arjun/TrustBank)
2026-03-25 18:05:36 [main] DEBUG c.t.app.TrustbankWebApplication - Running with Spring Boot v4.0.2, Spring v7.0.3
2026-03-25 18:05:36 [main] INFO  c.t.app.TrustbankWebApplication - No active profile set, falling back to 1 default profile: "default"
2026-03-25 18:05:37 [main] INFO  o.s.boot.tomcat.TomcatWebServer - Tomcat initialized with port 8081 (http)
2026-03-25 18:05:37 [main] INFO  o.a.catalina.core.StandardService - Starting service [Tomcat]
2026-03-25 18:05:37 [main] INFO  o.a.catalina.core.StandardEngine - Starting Servlet engine: [Apache Tomcat/11.0.15]
2026-03-25 18:05:38 [main] INFO  o.s.b.w.c.s.WebApplicationContextInitializer - Root WebApplicationContext: initialization completed in 963 ms
2026-03-25 18:05:38 [main] INFO  c.trustbank.app.storage.FileStorage - Loading accounts from file: accounts.txt
2026-03-25 18:05:38 [main] INFO  c.trustbank.app.storage.FileStorage - Migrating account 1001 to hashed PIN format
2026-03-25 18:05:38 [main] INFO  c.trustbank.app.storage.FileStorage - Migrating account 1002 to hashed PIN format
2026-03-25 18:05:38 [main] INFO  c.trustbank.app.storage.FileStorage - Migrating account 1003 to hashed PIN format
2026-03-25 18:05:38 [main] INFO  c.trustbank.app.storage.FileStorage - Migrating account 1004 to hashed PIN format
2026-03-25 18:05:38 [main] INFO  c.trustbank.app.storage.FileStorage - Loaded 4 accounts successfully
2026-03-25 18:05:38 [main] INFO  c.trustbank.app.storage.FileStorage - Loading transactions from file: transactions.txt
2026-03-25 18:05:38 [main] INFO  c.trustbank.app.storage.FileStorage - Loaded 71 transactions successfully
2026-03-25 18:05:38 [main] INFO  c.trustbank.app.service.BankService - BankService initialized with 4 accounts. Next account number: 1005
2026-03-25 18:05:39 [main] INFO  o.s.boot.tomcat.TomcatWebServer - Tomcat started on port 8081 (http) with context path '/'
2026-03-25 18:05:39 [main] INFO  c.t.app.TrustbankWebApplication - Started TrustbankWebApplication in 2.616 seconds (process running for 2.963)
2026-03-25 18:06:06 [http-nio-8081-exec-1] INFO  o.a.c.c.C.[Tomcat].[localhost].[/] - Initializing Spring DispatcherServlet 'dispatcherServlet'
2026-03-25 18:06:06 [http-nio-8081-exec-1] INFO  o.s.web.servlet.DispatcherServlet - Initializing Servlet 'dispatcherServlet'
2026-03-25 18:06:06 [http-nio-8081-exec-1] INFO  o.s.web.servlet.DispatcherServlet - Completed initialization in 3 ms
2026-03-25 18:06:06 [http-nio-8081-exec-1] INFO  c.t.app.controller.BankController - API Request: Login for account=1001
2026-03-25 18:06:06 [http-nio-8081-exec-1] INFO  c.trustbank.app.service.BankService - Login attempt for account: 1001
2026-03-25 18:06:06 [http-nio-8081-exec-1] INFO  c.trustbank.app.service.BankService - Login successful for account: 1001
2026-03-25 18:06:06 [http-nio-8081-exec-1] INFO  c.t.app.controller.BankController - API Response: Login successful for account=1001
2026-03-25 18:06:12 [SpringApplicationShutdownHook] INFO  o.s.boot.tomcat.GracefulShutdown - Commencing graceful shutdown. Waiting for active requests to complete
2026-03-25 18:06:12 [tomcat-shutdown] INFO  o.s.boot.tomcat.GracefulShutdown - Graceful shutdown complete
